
> posv1@0.1.0 build
> NODE_ENV=production next build

  ▲ Next.js 14.2.5
  - Experiments (use with caution):
    · optimizeCss
    · webpackBuildWorker

   Creating an optimized production build ...
 ✓ Compiled successfully
   Linting and checking validity of types ...
Failed to compile.

./src/components/ui/ProductGrid.tsx:673:31
Type error: 'product.variants' is possibly 'undefined'.

[0m [90m 671 |[39m       [0m
[0m [90m 672 |[39m       [36mconst[39m selectedVariantId [33m=[39m selectedVariants[product[33m.[39mid][33m;[39m[0m
[0m[31m[1m>[22m[39m[90m 673 |[39m       [36mconst[39m selectedVariant [33m=[39m product[33m.[39mvariants[33m.[39mfind(v [33m=>[39m v[33m.[39mid [33m===[39m selectedVariantId)[33m;[39m[0m
[0m [90m     |[39m                               [31m[1m^[22m[39m[0m
[0m [90m 674 |[39m       [0m
[0m [90m 675 |[39m       [36mif[39m ([33m![39mselectedVariant) {[0m
[0m [90m 676 |[39m         [90m// No variant selected yet, do nothing[39m[0m
